exports[`getApod Saga should call the loadApodError action if the response errors 1`] = `
Object {
  "@@redux-saga/IO": true,
  "CALL": Object {
    "args": Array [
      "https://api.nasa.gov/planetary/apod?api_key=0LDuEGPf0Zbh1hVhIkPekDY6nOUy5aOmgKB6wAYS",
    ],
    "context": null,
    "fn": [Function],
  },
}
`;

exports[`getApod Saga should dispatch the loadApodSuccess action if it requests the data successfully 1`] = `
Object {
  "@@redux-saga/IO": true,
  "CALL": Object {
    "args": Array [
      "https://api.nasa.gov/planetary/apod?api_key=0LDuEGPf0Zbh1hVhIkPekDY6nOUy5aOmgKB6wAYS",
    ],
    "context": null,
    "fn": [Function],
  },
}
`;
